------------------------------------------------------------
TimeQuest Timing Analyzer Summary
------------------------------------------------------------

Type  : Slow Model Setup 'H'
Slack : -10.510
TNS   : -5518.367

Type  : Slow Model Setup 'RESET'
Slack : -7.010
TNS   : -190.664

Type  : Slow Model Setup 'RD'
Slack : -1.418
TNS   : -543.635

Type  : Slow Model Hold 'RESET'
Slack : -0.828
TNS   : -1.073

Type  : Slow Model Hold 'RD'
Slack : -0.186
TNS   : -0.265

Type  : Slow Model Hold 'H'
Slack : 0.499
TNS   : 0.000

Type  : Slow Model Recovery 'H'
Slack : -3.474
TNS   : -603.055

Type  : Slow Model Recovery 'RESET'
Slack : -1.869
TNS   : -40.660

Type  : Slow Model Recovery 'RD'
Slack : 0.594
TNS   : 0.000

Type  : Slow Model Removal 'RD'
Slack : -1.626
TNS   : -1085.005

Type  : Slow Model Removal 'H'
Slack : -0.021
TNS   : -0.357

Type  : Slow Model Removal 'RESET'
Slack : 0.066
TNS   : 0.000

Type  : Slow Model Minimum Pulse Width 'H'
Slack : -2.567
TNS   : -2774.581

Type  : Slow Model Minimum Pulse Width 'RESET'
Slack : -1.941
TNS   : -1.941

Type  : Slow Model Minimum Pulse Width 'RD'
Slack : -1.777
TNS   : -1521.393

Type  : Fast Model Setup 'H'
Slack : -3.614
TNS   : -1132.468

Type  : Fast Model Setup 'RESET'
Slack : -1.663
TNS   : -36.954

Type  : Fast Model Setup 'RD'
Slack : -0.019
TNS   : -0.029

Type  : Fast Model Hold 'RD'
Slack : 0.084
TNS   : 0.000

Type  : Fast Model Hold 'H'
Slack : 0.215
TNS   : 0.000

Type  : Fast Model Hold 'RESET'
Slack : 0.408
TNS   : 0.000

Type  : Fast Model Recovery 'H'
Slack : -0.457
TNS   : -70.915

Type  : Fast Model Recovery 'RESET'
Slack : -0.423
TNS   : -7.752

Type  : Fast Model Recovery 'RD'
Slack : 0.321
TNS   : 0.000

Type  : Fast Model Removal 'RD'
Slack : -0.419
TNS   : -206.928

Type  : Fast Model Removal 'H'
Slack : -0.017
TNS   : -0.289

Type  : Fast Model Removal 'RESET'
Slack : 0.044
TNS   : 0.000

Type  : Fast Model Minimum Pulse Width 'H'
Slack : -2.000
TNS   : -2025.380

Type  : Fast Model Minimum Pulse Width 'RESET'
Slack : -1.380
TNS   : -1.380

Type  : Fast Model Minimum Pulse Width 'RD'
Slack : -1.222
TNS   : -1025.222

------------------------------------------------------------
